// Jest Snapshot v1, https://goo.gl/fbAQLP

exports[`<Footer /> Footer snapshot 1`] = `
<footer
  class="ðŸ…²-flex flex border-top background-color-ultra border-color-100 items-center justify-center mt-xl px-xl py-md"
>
  <svg
    class="ðŸ…²-icon font-variant icon-heart font-color-love mr-xs"
    data-testid="heart"
    role="img"
    style="stroke: ##a8ffdb;"
  >
    <use
      href="#heart"
      xlink:href="#heart"
    />
  </svg>
  <p
    class="ðŸ…²-text body-variant font-color-accent"
    style="margin-bottom: 0px;"
  >
    Make something awesome!
  </p>
</footer>
`;
